mode: set
payment-service/service/callback.go:40.135,42.2 1 1
payment-service/service/callback.go:45.105,48.51 2 1
payment-service/service/callback.go:48.51,50.3 1 1
payment-service/service/callback.go:53.2,54.35 2 1
payment-service/service/callback.go:54.35,61.3 1 1
payment-service/service/callback.go:64.2,66.20 3 1
payment-service/service/callback.go:67.17,69.41 2 1
payment-service/service/callback.go:70.27,72.40 2 1
payment-service/service/callback.go:73.10,74.82 1 1
payment-service/service/callback.go:78.2,78.97 1 1
payment-service/service/callback.go:78.97,80.3 1 1
payment-service/service/callback.go:83.2,84.34 2 1
payment-service/service/callback.go:84.34,86.3 1 1
payment-service/service/callback.go:89.2,100.71 2 1
payment-service/service/callback.go:100.71,102.3 1 1
payment-service/service/callback.go:104.2,109.8 1 1
payment-service/service/callback.go:117.44,117.64 1 1
payment-service/service/callback.go:125.64,127.2 1 1
payment-service/service/callback.go:129.77,131.61 2 1
payment-service/service/callback.go:131.61,134.3 2 1
payment-service/service/callback.go:136.2,137.16 2 1
payment-service/service/callback.go:137.16,138.21 1 1
payment-service/service/callback.go:139.27,140.55 1 1
payment-service/service/callback.go:141.23,142.51 1 1
payment-service/service/callback.go:143.25,144.53 1 1
payment-service/service/callback.go:145.11,146.67 1 1
payment-service/service/callback.go:148.3,148.9 1 1
payment-service/service/callback.go:151.2,153.35 3 1
payment-service/service/charge.go:21.109,23.2 1 1
payment-service/service/charge.go:36.103,40.20 3 1
payment-service/service/charge.go:41.98,43.17 2 1
payment-service/service/charge.go:43.17,45.4 1 1
payment-service/service/charge.go:47.3,58.60 2 1
payment-service/service/charge.go:58.60,60.4 1 1
payment-service/service/charge.go:62.3,69.33 2 1
payment-service/service/charge.go:69.33,71.4 1 0
payment-service/service/charge.go:72.3,72.21 1 1
payment-service/service/charge.go:74.31,85.60 2 1
payment-service/service/charge.go:85.60,87.4 1 0
payment-service/service/charge.go:88.3,93.9 1 1
payment-service/service/charge.go:95.10,96.70 1 1
payment-service/service/charge.go:101.21,105.2 3 1
payment-service/service/charge.go:112.39,112.83 1 1
payment-service/service/charge.go:119.42,119.62 1 1
payment-service/service/charge.go:126.46,126.91 1 1
payment-service/service/charge.go:134.58,136.2 1 1
payment-service/service/charge.go:138.75,140.61 2 1
payment-service/service/charge.go:140.61,143.3 2 1
payment-service/service/charge.go:145.2,145.82 1 1
payment-service/service/charge.go:145.82,148.3 2 1
payment-service/service/charge.go:150.2,151.16 2 1
payment-service/service/charge.go:151.16,152.21 1 1
payment-service/service/charge.go:153.22,154.57 1 1
payment-service/service/charge.go:155.25,156.53 1 1
payment-service/service/charge.go:157.29,158.60 1 1
payment-service/service/charge.go:159.11,160.67 1 1
payment-service/service/charge.go:162.3,162.9 1 1
payment-service/service/charge.go:165.2,167.35 3 1
payment-service/service/cod_confirm.go:17.40,17.60 1 1
payment-service/service/cod_confirm.go:32.78,34.2 1 1
payment-service/service/cod_confirm.go:37.88,39.34 2 1
payment-service/service/cod_confirm.go:39.34,41.3 1 1
payment-service/service/cod_confirm.go:43.2,43.47 1 1
payment-service/service/cod_confirm.go:43.47,45.3 1 1
payment-service/service/cod_confirm.go:47.2,55.68 2 1
payment-service/service/cod_confirm.go:55.68,57.3 1 1
payment-service/service/cod_confirm.go:59.2,59.86 1 1
payment-service/service/cod_confirm.go:68.70,70.2 1 1
payment-service/service/cod_confirm.go:72.79,74.61 2 1
payment-service/service/cod_confirm.go:74.61,77.3 2 1
payment-service/service/cod_confirm.go:79.2,79.74 1 1
payment-service/service/cod_confirm.go:79.74,82.3 2 1
payment-service/service/cod_confirm.go:84.2,84.57 1 1
payment-service/service/cod_confirm.go:84.57,85.21 1 1
payment-service/service/cod_confirm.go:86.23,87.51 1 1
payment-service/service/cod_confirm.go:88.11,89.67 1 1
payment-service/service/cod_confirm.go:91.3,91.9 1 1
payment-service/service/cod_confirm.go:94.2,94.30 1 1
payment-service/service/query.go:17.86,19.2 1 1
payment-service/service/query.go:21.83,24.21 2 1
payment-service/service/query.go:24.21,27.3 2 1
payment-service/service/query.go:29.2,30.34 2 1
payment-service/service/query.go:30.34,33.3 2 1
payment-service/service/query.go:35.2,37.36 3 1
payment-service/service/query.go:46.96,48.2 1 1
payment-service/service/query.go:50.88,52.19 2 1
payment-service/service/query.go:52.19,55.3 2 1
payment-service/service/query.go:57.2,58.34 2 1
payment-service/service/query.go:58.34,61.3 2 1
payment-service/service/query.go:63.2,65.36 3 1
payment-service/service/refund.go:16.48,18.2 1 1
payment-service/service/refund.go:32.70,34.2 1 1
payment-service/service/refund.go:37.79,39.34 2 1
payment-service/service/refund.go:39.34,41.3 1 1
payment-service/service/refund.go:43.2,43.24 1 1
payment-service/service/refund.go:44.93,45.56 1 1
payment-service/service/refund.go:46.35,47.88 1 1
payment-service/service/refund.go:48.10,49.56 1 0
payment-service/service/refund.go:59.58,61.2 1 1
payment-service/service/refund.go:63.75,65.61 2 1
payment-service/service/refund.go:65.61,68.3 2 1
payment-service/service/refund.go:70.2,70.23 1 1
payment-service/service/refund.go:70.23,73.3 2 1
payment-service/service/refund.go:75.2,75.56 1 1
payment-service/service/refund.go:75.56,76.21 1 1
payment-service/service/refund.go:77.23,78.51 1 1
payment-service/service/refund.go:79.31,80.62 1 1
payment-service/service/refund.go:81.11,82.67 1 1
payment-service/service/refund.go:84.3,84.9 1 1
payment-service/service/refund.go:87.2,87.30 1 1
payment-service/service/signature.go:15.66,17.2 1 1
payment-service/service/signature.go:20.61,24.2 3 1
payment-service/service/signature.go:27.71,30.2 2 1
